MemTotal:       13227656 kB
MemFree:         9267972 kB
MemAvailable:   11267324 kB
Buffers:          113756 kB
Cached:          2111204 kB
SwapCached:            0 kB
Active:          2227144 kB
Inactive:        1107156 kB
Active(anon):    1152576 kB
Inactive(anon):        0 kB
Active(file):    1074568 kB
Inactive(file):  1107156 kB
Unevictable:          16 kB
Mlocked:              16 kB
SwapTotal:       4194300 kB
SwapFree:        4194300 kB
Zswap:                 0 kB
Zswapped:              0 kB
Dirty:              1812 kB
Writeback:             0 kB
AnonPages:       1109760 kB
Mapped:           431328 kB
Shmem:             43132 kB
KReclaimable:     116924 kB
Slab:             354520 kB
SReclaimable:     116924 kB
SUnreclaim:       237596 kB
KernelStack:       15376 kB
PageTables:        21368 kB
SecPageTables:      2008 kB
NFS_Unstable:          0 kB
Bounce:                0 kB
WritebackTmp:          0 kB
CommitLimit:    10808128 kB
Committed_AS:    5745060 kB
VmallocTotal:   34359738367 kB
VmallocUsed:       38956 kB
VmallocChunk:          0 kB
Percpu:           110080 kB
HardwareCorrupted:     0 kB
AnonHugePages:         0 kB
ShmemHugePages:        0 kB
ShmemPmdMapped:        0 kB
FileHugePages:         0 kB
FilePmdMapped:         0 kB
Unaccepted:            0 kB
HugePages_Total:       0
HugePages_Free:        0
HugePages_Rsvd:        0
HugePages_Surp:        0
Hugepagesize:       2048 kB
Hugetlb:               0 kB
DirectMap4k:      239424 kB
DirectMap2M:     4999168 kB
DirectMap1G:     8388608 kB
